#-----------------------------------------------------------
# Webtalk v2019.1 (64-bit)
# SW Build 2552052 on Fri May 24 14:49:42 MDT 2019
# IP Build 2548770 on Fri May 24 18:01:18 MDT 2019
# Start of session at: Sun Sep  6 11:29:06 2020
# Process ID: 7652
# Current directory: F:/Notes/CG3207/project/CG3207Lab/yetong_lab_1/verilog/lab_1/lab_1/lab_1.sim/sim_1/behav/xsim
# Command line: wbtcv.exe -mode batch -source F:/Notes/CG3207/project/CG3207Lab/yetong_lab_1/verilog/lab_1/lab_1/lab_1.sim/sim_1/behav/xsim/xsim.dir/testbench_behav/webtalk/xsim_webtalk.tcl -notrace
# Log file: F:/Notes/CG3207/project/CG3207Lab/yetong_lab_1/verilog/lab_1/lab_1/lab_1.sim/sim_1/behav/xsim/webtalk.log
# Journal file: F:/Notes/CG3207/project/CG3207Lab/yetong_lab_1/verilog/lab_1/lab_1/lab_1.sim/sim_1/behav/xsim\webtalk.jou
#-----------------------------------------------------------
source F:/Notes/CG3207/project/CG3207Lab/yetong_lab_1/verilog/lab_1/lab_1/lab_1.sim/sim_1/behav/xsim/xsim.dir/testbench_behav/webtalk/xsim_webtalk.tcl -notrace
