ARM Linker, 5.03 [Build 24] [MDK-ARM Lite]

==============================================================================

Section Cross References

    sample_asm_keil_arm7.o(MYCODE) refers to sample_asm_keil_arm7.o(CONSTANTS) for DIPS
    sample_asm_keil_arm7.o(CONSTANTS) refers to sample_asm_keil_arm7.o(VARIABLES) for variable1


==============================================================================

Image Symbol Table

    Local Symbols

    Symbol Name                              Value     Ov Type        Size  Object(Section)

    MYCODE                                   0x00000000   Section      256  sample_asm_keil_arm7.o(MYCODE)
    C:\Keil\Lab\Sample_ASM_Keil_ARM7.s       0x00000000   Number         0  sample_asm_keil_arm7.o ABSOLUTE
    CONSTANTS                                0x00000200   Section       60  sample_asm_keil_arm7.o(CONSTANTS)
    LEDS                                     0x00000200   Data           0  sample_asm_keil_arm7.o(CONSTANTS)
    DIPS                                     0x00000204   Data           0  sample_asm_keil_arm7.o(CONSTANTS)
    SEVEN_SEG                                0x00000210   Data           0  sample_asm_keil_arm7.o(CONSTANTS)
    DELAY_VAL                                0x00000214   Data           0  sample_asm_keil_arm7.o(CONSTANTS)
    constant1                                0x00000220   Data           0  sample_asm_keil_arm7.o(CONSTANTS)
    constant2                                0x00000224   Data           0  sample_asm_keil_arm7.o(CONSTANTS)
    constant3                                0x00000228   Data           0  sample_asm_keil_arm7.o(CONSTANTS)
    VARIABLES                                0x00000800   Section        8  sample_asm_keil_arm7.o(VARIABLES)
    variable1                                0x00000800   Data           0  sample_asm_keil_arm7.o(VARIABLES)
    variable2                                0x00000804   Data           0  sample_asm_keil_arm7.o(VARIABLES)

    Global Symbols

    Symbol Name                              Value     Ov Type        Size  Object(Section)

    BuildAttributes$$THM_ISAv1$ARM_ISAv4$S$PE$A:L22$X:L11$S22$IEEE1$IW$USESV6$~STKCKD$USESV7$~SHL$OSPACE$EBA8$STANDARDLIB$PRES8$EABIv2 0x00000000   Number         0  anon$$obj.o ABSOLUTE



==============================================================================

Memory Map of the image

  Image Entry point : 0x00000000

  Load Region LR_1 (Base: 0x00000000, Size: 0x00000244, Max: 0xffffffff, ABSOLUTE)

    Execution Region ER_RO (Base: 0x00000000, Size: 0x0000023c, Max: 0xffffffff, ABSOLUTE)

    Base Addr    Size         Type   Attr      Idx    E Section Name        Object

    0x00000000   0x00000100   Code   RO            1  * MYCODE              sample_asm_keil_arm7.o
    0x00000100   0x00000100   PAD
    0x00000200   0x0000003c   Data   RO            2    CONSTANTS           sample_asm_keil_arm7.o


    Execution Region ER_RW (Base: 0x00000800, Size: 0x00000008, Max: 0xffffffff, ABSOLUTE)

    Base Addr    Size         Type   Attr      Idx    E Section Name        Object

    0x00000800   0x00000008   Data   RW            3    VARIABLES           sample_asm_keil_arm7.o


    Execution Region ER_ZI (Base: 0x00000808, Size: 0x00000000, Max: 0xffffffff, ABSOLUTE)

    **** No section assigned to this execution region ****


==============================================================================

Image component sizes


      Code (inc. data)   RO Data    RW Data    ZI Data      Debug   Object Name

       256          0         60          8          0        284   sample_asm_keil_arm7.o

    ----------------------------------------------------------------------
       512          0         60          8          0        284   Object Totals
         0          0          0          0          0          0   (incl. Generated)
       256          0          0          0          0          0   (incl. Padding)

    ----------------------------------------------------------------------
         0          0          0          0          0          0   Library Totals
         0          0          0          0          0          0   (incl. Padding)

    ----------------------------------------------------------------------

==============================================================================


      Code (inc. data)   RO Data    RW Data    ZI Data      Debug   

       512          0         60          8          0        284   Grand Totals
       512          0         60          8          0        284   ELF Image Totals
       512          0         60          8          0          0   ROM Totals

==============================================================================

    Total RO  Size (Code + RO Data)                  572 (   0.56kB)
    Total RW  Size (RW Data + ZI Data)                 8 (   0.01kB)
    Total ROM Size (Code + RO Data + RW Data)        580 (   0.57kB)

==============================================================================

