<!doctype html public "-//w3c//dtd html 4.0 transitional//en">
<html><head>
<title>Static Call Graph - [F:\Notes\CG3207\project\CG3207Lab\yetong_lab_1\ARM\lab_1_arm.axf]</title></head>
<body><HR>
<H1>Static Call Graph for image F:\Notes\CG3207\project\CG3207Lab\yetong_lab_1\ARM\lab_1_arm.axf</H1><HR>
<BR><P>#&#060CALLGRAPH&#062# ARM Linker, 5.03 [Build 24]: Last Updated: Sun Sep 06 23:05:22 2020
<BR><P>
<H3>Maximum Stack Usage =          0 bytes</H3><H3>
Call chain for Maximum Stack Depth:</H3>

<P>
<H3>
Global Symbols
</H3><P>
<H3>
Local Symbols
</H3><P>
<H3>
Undefined Global Symbols
</H3><HR></body></html>
