ARM Linker, 5.03 [Build 24] [MDK-ARM Lite]

==============================================================================

Section Cross References

    sample_asm_keil_arm7.o(MYCODE) refers to sample_asm_keil_arm7.o(CONSTANTS) for LEDS
    sample_asm_keil_arm7.o(CONSTANTS) refers to sample_asm_keil_arm7.o(VARIABLES) for variable1


==============================================================================

Image Symbol Table

    Local Symbols

    Symbol Name                              Value     Ov Type        Size  Object(Section)

    MYCODE                                   0x00000000   Section       48  sample_asm_keil_arm7.o(MYCODE)
    C:\Keil\Lab\Sample_ASM_Keil_ARM7.s       0x00000000   Number         0  sample_asm_keil_arm7.o ABSOLUTE
    CONSTANTS                                0x00000200   Section       44  sample_asm_keil_arm7.o(CONSTANTS)
    LEDS                                     0x00000200   Data           0  sample_asm_keil_arm7.o(CONSTANTS)
    DIPS                                     0x00000204   Data           0  sample_asm_keil_arm7.o(CONSTANTS)
    DELAY_VAL                                0x00000210   Data           0  sample_asm_keil_arm7.o(CONSTANTS)
    VARIABLES                                0x00000800   Section        4  sample_asm_keil_arm7.o(VARIABLES)
    variable1                                0x00000800   Data           0  sample_asm_keil_arm7.o(VARIABLES)

    Global Symbols

    Symbol Name                              Value     Ov Type        Size  Object(Section)

    BuildAttributes$$THM_ISAv1$ARM_ISAv4$S$PE$A:L22$X:L11$S22$IEEE1$IW$USESV6$~STKCKD$USESV7$~SHL$OSPACE$EBA8$STANDARDLIB$PRES8$EABIv2 0x00000000   Number         0  anon$$obj.o ABSOLUTE



==============================================================================

Memory Map of the image

  Image Entry point : 0x00000000

  Load Region LR_1 (Base: 0x00000000, Size: 0x00000230, Max: 0xffffffff, ABSOLUTE)

    Execution Region ER_RO (Base: 0x00000000, Size: 0x0000022c, Max: 0xffffffff, ABSOLUTE)

    Base Addr    Size         Type   Attr      Idx    E Section Name        Object

    0x00000000   0x00000030   Code   RO            1  * MYCODE              sample_asm_keil_arm7.o
    0x00000030   0x000001d0   PAD
    0x00000200   0x0000002c   Data   RO            2    CONSTANTS           sample_asm_keil_arm7.o


    Execution Region ER_RW (Base: 0x00000800, Size: 0x00000004, Max: 0xffffffff, ABSOLUTE)

    Base Addr    Size         Type   Attr      Idx    E Section Name        Object

    0x00000800   0x00000004   Data   RW            3    VARIABLES           sample_asm_keil_arm7.o


    Execution Region ER_ZI (Base: 0x00000804, Size: 0x00000000, Max: 0xffffffff, ABSOLUTE)

    **** No section assigned to this execution region ****


==============================================================================

Image component sizes


      Code (inc. data)   RO Data    RW Data    ZI Data      Debug   Object Name

        48          0         44          4          0        232   sample_asm_keil_arm7.o

    ----------------------------------------------------------------------
       512          0         44          4          0        232   Object Totals
         0          0          0          0          0          0   (incl. Generated)
       464          0          0          0          0          0   (incl. Padding)

    ----------------------------------------------------------------------
         0          0          0          0          0          0   Library Totals
         0          0          0          0          0          0   (incl. Padding)

    ----------------------------------------------------------------------

==============================================================================


      Code (inc. data)   RO Data    RW Data    ZI Data      Debug   

       512          0         44          4          0        232   Grand Totals
       512          0         44          4          0        232   ELF Image Totals
       512          0         44          4          0          0   ROM Totals

==============================================================================

    Total RO  Size (Code + RO Data)                  556 (   0.54kB)
    Total RW  Size (RW Data + ZI Data)                 4 (   0.00kB)
    Total ROM Size (Code + RO Data + RW Data)        560 (   0.55kB)

==============================================================================

